decode gemma-4-e2b-fp8emb4-l4 n=16 rep=0: 2.043s
decode gemma-4-e2b-fp8emb4-l4 n=512 rep=0: 6.483s
decode gemma-4-e2b-fp8emb4-l4 n=16 rep=1: 0.82s
decode gemma-4-e2b-fp8emb4-l4 n=512 rep=1: 6.338s
decode gemma-4-e2b-fp8emb4-l4 n=16 rep=2: 0.744s
decode gemma-4-e2b-fp8emb4-l4 n=512 rep=2: 6.366s
decode gemma-4-e2b-fp8emb4-l4 n=16 rep=3: 0.844s
decode gemma-4-e2b-fp8emb4-l4 n=512 rep=3: 6.35s
decode gemma-4-e2b-fp8emb4-l4 n=16 rep=4: 0.753s
decode gemma-4-e2b-fp8emb4-l4 n=512 rep=4: 6.339s
load gemma-4-e2b-fp8emb4-l4 c=1 rep=0: 256 tok in 3.54s
load gemma-4-e2b-fp8emb4-l4 c=1 rep=1: 256 tok in 3.53s
load gemma-4-e2b-fp8emb4-l4 c=4 rep=0: 1024 tok in 3.61s
load gemma-4-e2b-fp8emb4-l4 c=4 rep=1: 1024 tok in 3.61s
load gemma-4-e2b-fp8emb4-l4 c=16 rep=0: 4096 tok in 4.48s
load gemma-4-e2b-fp8emb4-l4 c=16 rep=1: 4096 tok in 4.25s
quality mul-0
quality mul-1
quality mul-2
quality mul-3
quality mul-4
quality mul-5
quality mul-6
quality mul-7
quality mul-8
quality mul-9
quality mul-10
quality mul-11
quality mul-12
quality mul-13
quality mul-14
quality add-0
quality add-1
quality add-2
quality add-3
quality add-4
quality add-5
quality add-6
quality add-7
quality add-8
quality add-9
quality add-10
quality add-11
quality add-12
quality add-13
quality add-14
quality cap-Australia
quality cap-Canada
quality cap-Brazil
quality cap-Turkey
quality cap-Nigeria
quality cap-Switzerland
quality cap-Pakistan
quality cap-New Zealand
quality cap-Morocco
quality cap-Vietnam
wrote docs/runs/2026-09-29-l4-format-sweep/measure-gemma-4-e2b-fp8emb4-l4.json
{
  "load_facts": {
    "vllm_version": "0.30.0",
    "weights_gib": "3.6",
    "load_seconds": "25.706304",
    "kv_cache_tokens": "1,144,044",
    "max_concurrency_at_max_len": "139.65",
    "quantization": "compressed-tensors"
  },
  "decode_tokens_per_second": 89.7,
  "per_call_fixed_cost_seconds": 0.642,
  "load_tokens_per_second": {
    "1": 72.45,
    "4": 283.7,
    "16": 939.45
  },
  "server_peak": {
    "lines": 11,
    "peak_tokens_per_second": 409.6
  },
  "quality": "36/40"
}
