decode gemma-4-12b-emb4-l4 n=16 rep=0: 2.261s
decode gemma-4-12b-emb4-l4 n=512 rep=0: 15.278s
decode gemma-4-12b-emb4-l4 n=16 rep=1: 1.116s
decode gemma-4-12b-emb4-l4 n=512 rep=1: 15.154s
decode gemma-4-12b-emb4-l4 n=16 rep=2: 1.015s
decode gemma-4-12b-emb4-l4 n=512 rep=2: 15.172s
decode gemma-4-12b-emb4-l4 n=16 rep=3: 1.008s
decode gemma-4-12b-emb4-l4 n=512 rep=3: 15.318s
decode gemma-4-12b-emb4-l4 n=16 rep=4: 1.011s
decode gemma-4-12b-emb4-l4 n=512 rep=4: 15.183s
load gemma-4-12b-emb4-l4 c=1 rep=0: 256 tok in 7.79s
load gemma-4-12b-emb4-l4 c=1 rep=1: 256 tok in 7.78s
load gemma-4-12b-emb4-l4 c=4 rep=0: 1024 tok in 8.15s
load gemma-4-12b-emb4-l4 c=4 rep=1: 1024 tok in 8.26s
load gemma-4-12b-emb4-l4 c=16 rep=0: 4096 tok in 9.93s
load gemma-4-12b-emb4-l4 c=16 rep=1: 4096 tok in 9.97s
quality mul-0
quality mul-1
quality mul-2
quality mul-3
quality mul-4
quality mul-5
quality mul-6
quality mul-7
quality mul-8
quality mul-9
quality mul-10
quality mul-11
quality mul-12
quality mul-13
quality mul-14
quality add-0
quality add-1
quality add-2
quality add-3
quality add-4
quality add-5
quality add-6
quality add-7
quality add-8
quality add-9
quality add-10
quality add-11
quality add-12
quality add-13
quality add-14
quality cap-Australia
quality cap-Canada
quality cap-Brazil
quality cap-Turkey
quality cap-Nigeria
quality cap-Switzerland
quality cap-Pakistan
quality cap-New Zealand
quality cap-Morocco
quality cap-Vietnam
wrote docs/runs/2026-09-29-l4-format-sweep/measure-gemma-4-12b-emb4-l4.json
{
  "load_facts": {
    "vllm_version": "0.30.0",
    "weights_gib": "7.36",
    "load_seconds": "56.412771",
    "kv_cache_tokens": "52,541",
    "max_concurrency_at_max_len": "6.41",
    "quantization": "compressed-tensors"
  },
  "decode_tokens_per_second": 35.0,
  "per_call_fixed_cost_seconds": 0.558,
  "load_tokens_per_second": {
    "1": 32.9,
    "4": 124.75,
    "16": 411.8
  },
  "server_peak": {
    "lines": 14,
    "peak_tokens_per_second": 325.1
  },
  "quality": "40/40"
}
