decode gemma-4-26b-emb4-l4 n=16 rep=0: 2.253s
decode gemma-4-26b-emb4-l4 n=512 rep=0: 6.189s
decode gemma-4-26b-emb4-l4 n=16 rep=1: 0.846s
decode gemma-4-26b-emb4-l4 n=512 rep=1: 6.162s
decode gemma-4-26b-emb4-l4 n=16 rep=2: 0.862s
decode gemma-4-26b-emb4-l4 n=512 rep=2: 6.406s
decode gemma-4-26b-emb4-l4 n=16 rep=3: 0.756s
decode gemma-4-26b-emb4-l4 n=512 rep=3: 6.265s
decode gemma-4-26b-emb4-l4 n=16 rep=4: 0.821s
decode gemma-4-26b-emb4-l4 n=512 rep=4: 6.406s
load gemma-4-26b-emb4-l4 c=1 rep=0: 256 tok in 3.37s
load gemma-4-26b-emb4-l4 c=1 rep=1: 256 tok in 3.55s
load gemma-4-26b-emb4-l4 c=4 rep=0: 1024 tok in 4.68s
load gemma-4-26b-emb4-l4 c=4 rep=1: 1024 tok in 4.85s
load gemma-4-26b-emb4-l4 c=16 rep=0: 4096 tok in 6.79s
load gemma-4-26b-emb4-l4 c=16 rep=1: 4096 tok in 6.95s
quality mul-0
quality mul-1
quality mul-2
quality mul-3
quality mul-4
quality mul-5
quality mul-6
quality mul-7
quality mul-8
quality mul-9
quality mul-10
quality mul-11
quality mul-12
quality mul-13
quality mul-14
quality add-0
quality add-1
quality add-2
quality add-3
quality add-4
quality add-5
quality add-6
quality add-7
quality add-8
quality add-9
quality add-10
quality add-11
quality add-12
quality add-13
quality add-14
quality cap-Australia
quality cap-Canada
quality cap-Brazil
quality cap-Turkey
quality cap-Nigeria
quality cap-Switzerland
quality cap-Pakistan
quality cap-New Zealand
quality cap-Morocco
quality cap-Vietnam
wrote docs/runs/2026-09-29-l4-format-sweep/measure-gemma-4-26b-emb4-l4.json
{
  "load_facts": {
    "vllm_version": "0.30.0",
    "weights_gib": "14.2",
    "load_seconds": "125.172854",
    "kv_cache_tokens": "30,456",
    "max_concurrency_at_max_len": "3.72",
    "quantization": "compressed-tensors"
  },
  "decode_tokens_per_second": 91.5,
  "per_call_fixed_cost_seconds": 0.671,
  "load_tokens_per_second": {
    "1": 74.05,
    "4": 214.8,
    "16": 596.6
  },
  "server_peak": {
    "lines": 12,
    "peak_tokens_per_second": 408.4
  },
  "quality": "40/40"
}
