decode gemma-4-e4b-emb4-l4 n=16 rep=0: 2.171s
decode gemma-4-e4b-emb4-l4 n=512 rep=0: 7.097s
decode gemma-4-e4b-emb4-l4 n=16 rep=1: 0.739s
decode gemma-4-e4b-emb4-l4 n=512 rep=1: 6.945s
decode gemma-4-e4b-emb4-l4 n=16 rep=2: 0.745s
decode gemma-4-e4b-emb4-l4 n=512 rep=2: 6.951s
decode gemma-4-e4b-emb4-l4 n=16 rep=3: 0.75s
decode gemma-4-e4b-emb4-l4 n=512 rep=3: 6.959s
decode gemma-4-e4b-emb4-l4 n=16 rep=4: 0.772s
decode gemma-4-e4b-emb4-l4 n=512 rep=4: 6.971s
load gemma-4-e4b-emb4-l4 c=1 rep=0: 256 tok in 3.75s
load gemma-4-e4b-emb4-l4 c=1 rep=1: 256 tok in 3.79s
load gemma-4-e4b-emb4-l4 c=4 rep=0: 1024 tok in 3.96s
load gemma-4-e4b-emb4-l4 c=4 rep=1: 1024 tok in 3.94s
load gemma-4-e4b-emb4-l4 c=16 rep=0: 4096 tok in 4.84s
load gemma-4-e4b-emb4-l4 c=16 rep=1: 4096 tok in 4.81s
quality mul-0
quality mul-1
quality mul-2
quality mul-3
quality mul-4
quality mul-5
quality mul-6
quality mul-7
quality mul-8
quality mul-9
quality mul-10
quality mul-11
quality mul-12
quality mul-13
quality mul-14
quality add-0
quality add-1
quality add-2
quality add-3
quality add-4
quality add-5
quality add-6
quality add-7
quality add-8
quality add-9
quality add-10
quality add-11
quality add-12
quality add-13
quality add-14
quality cap-Australia
quality cap-Canada
quality cap-Brazil
quality cap-Turkey
quality cap-Nigeria
quality cap-Switzerland
quality cap-Pakistan
quality cap-New Zealand
quality cap-Morocco
quality cap-Vietnam
wrote docs/runs/2026-09-29-l4-format-sweep/measure-gemma-4-e4b-emb4-l4.json
{
  "load_facts": {
    "vllm_version": "0.30.0",
    "weights_gib": "4.52",
    "load_seconds": "31.357483",
    "kv_cache_tokens": "376,156",
    "max_concurrency_at_max_len": "45.92",
    "quantization": "compressed-tensors"
  },
  "decode_tokens_per_second": 79.9,
  "per_call_fixed_cost_seconds": 0.55,
  "load_tokens_per_second": {
    "1": 67.85,
    "4": 259.45,
    "16": 848.95
  },
  "server_peak": {
    "lines": 11,
    "peak_tokens_per_second": 357.6
  },
  "quality": "36/40"
}
