attempt-1 us-east-2 deploy submitted
attempt-1 us-east-2 22:20:03 Creating
attempt-1 log: (EngineCore pid=83) INFO 09-29 22:25:51 [model_runner.py:428] Model loading took 3.19 GiB memory and 21.461022 seconds
attempt-1 log: (EngineCore pid=83) INFO 09-29 22:27:24 [gpu_worker.py:655] CUDA graph memory profiling is enabled (default since v0.21.0). The current --gpu-memory-utilization=0.9000 is equivalent to --gpu-memory-utilization=0.8759 without CUDA graph memo
attempt-1 log: (EngineCore pid=83) INFO 09-29 22:27:24 [kv_cache_utils.py:2395] GPU KV cache size: 1,180,383 tokens, Maximum concurrency for 8,192 tokens per request: 144.09x
attempt-1 log: (APIServer pid=13) INFO:     Application startup complete.
attempt-1 us-east-2 22:28:31 InService
READY attempt-1 us-east-2 (.env AWS_REGION updated)
22:28:33 measuring gemma-4-e2b-ple4-l4@us-east-2
measured gemma-4-e2b-ple4-l4
22:31:29 deleted gemma-4-e2b-ple4-l4
attempt-1 us-east-2 deploy submitted
attempt-1 us-east-2 22:31:33 Creating
attempt-1 log: (EngineCore pid=76) INFO 09-29 22:37:31 [model_runner.py:428] Model loading took 3.6 GiB memory and 25.706304 seconds
attempt-1 log: (APIServer pid=14) INFO:     Application startup complete.
attempt-1 log: (EngineCore pid=76) INFO 09-29 22:39:35 [gpu_worker.py:655] CUDA graph memory profiling is enabled (default since v0.21.0). The current --gpu-memory-utilization=0.9000 is equivalent to --gpu-memory-utilization=0.8777 without CUDA graph memo
attempt-1 log: (EngineCore pid=76) INFO 09-29 22:39:35 [kv_cache_utils.py:2395] GPU KV cache size: 1,144,044 tokens, Maximum concurrency for 8,192 tokens per request: 139.65x
attempt-1 us-east-2 22:40:34 InService
READY attempt-1 us-east-2 (.env AWS_REGION updated)
22:40:36 measuring gemma-4-e2b-fp8emb4-l4@us-east-2
measured gemma-4-e2b-fp8emb4-l4
22:43:39 deleted gemma-4-e2b-fp8emb4-l4
attempt-1 us-east-2 deploy submitted
attempt-1 us-east-2 22:43:43 Creating
attempt-1 log: (EngineCore pid=75) INFO 09-29 22:49:45 [model_runner.py:428] Model loading took 4.52 GiB memory and 31.357483 seconds
attempt-1 log: (EngineCore pid=75) INFO 09-29 22:51:19 [gpu_worker.py:655] CUDA graph memory profiling is enabled (default since v0.21.0). The current --gpu-memory-utilization=0.9000 is equivalent to --gpu-memory-utilization=0.8729 without CUDA graph memo
attempt-1 log: (EngineCore pid=75) INFO 09-29 22:51:19 [kv_cache_utils.py:2395] GPU KV cache size: 376,156 tokens, Maximum concurrency for 8,192 tokens per request: 45.92x
attempt-1 us-east-2 22:52:13 InService
attempt-1 log: (APIServer pid=13) INFO:     Application startup complete.
READY attempt-1 us-east-2 (.env AWS_REGION updated)
22:52:14 measuring gemma-4-e4b-emb4-l4@us-east-2
measured gemma-4-e4b-emb4-l4
22:55:25 deleted gemma-4-e4b-emb4-l4
attempt-1 us-east-2 deploy submitted
attempt-1 us-east-2 22:55:29 Creating
attempt-1 log: (EngineCore pid=76) INFO 09-29 23:02:06 [model_runner.py:428] Model loading took 10.46 GiB memory and 74.323138 seconds
attempt-1 log: (APIServer pid=14) INFO:     Application startup complete.
attempt-1 log: (EngineCore pid=76) INFO 09-29 23:04:01 [gpu_worker.py:655] CUDA graph memory profiling is enabled (default since v0.21.0). The current --gpu-memory-utilization=0.9000 is equivalent to --gpu-memory-utilization=0.8755 without CUDA graph memo
attempt-1 log: (EngineCore pid=76) INFO 09-29 23:04:01 [kv_cache_utils.py:2395] GPU KV cache size: 77,376 tokens, Maximum concurrency for 8,192 tokens per request: 9.45x
attempt-1 us-east-2 23:05:00 InService
READY attempt-1 us-east-2 (.env AWS_REGION updated)
23:05:02 measuring gemma-4-e4b-fp8-l4@us-east-2
measured gemma-4-e4b-fp8-l4
23:09:06 deleted gemma-4-e4b-fp8-l4
attempt-1 us-east-2 deploy submitted
attempt-1 us-east-2 23:09:10 Creating
attempt-1 log: (EngineCore pid=80) INFO 09-29 23:15:50 [model_runner.py:428] Model loading took 10.46 GiB memory and 77.197235 seconds
attempt-1 log: (EngineCore pid=80) INFO 09-29 23:17:24 [gpu_worker.py:655] CUDA graph memory profiling is enabled (default since v0.21.0). The current --gpu-memory-utilization=0.9000 is equivalent to --gpu-memory-utilization=0.8701 without CUDA graph memo
attempt-1 log: (EngineCore pid=80) INFO 09-29 23:17:24 [kv_cache_utils.py:2395] GPU KV cache size: 74,463 tokens, Maximum concurrency for 8,192 tokens per request: 9.09x
attempt-1 log: (APIServer pid=14) INFO:     Application startup complete.
attempt-1 us-east-2 23:18:41 InService
READY attempt-1 us-east-2 (.env AWS_REGION updated)
23:18:43 measuring gemma-4-e4b-int8-l4@us-east-2
measured gemma-4-e4b-int8-l4
23:22:46 deleted gemma-4-e4b-int8-l4
attempt-1 us-east-2 deploy submitted
attempt-1 us-east-2 23:22:50 Creating
attempt-1 log: (EngineCore pid=76) INFO 09-29 23:29:13 [model_runner.py:428] Model loading took 7.36 GiB memory and 56.412771 seconds
attempt-1 log: (EngineCore pid=76) INFO 09-29 23:30:35 [gpu_worker.py:655] CUDA graph memory profiling is enabled (default since v0.21.0). The current --gpu-memory-utilization=0.9000 is equivalent to --gpu-memory-utilization=0.8726 without CUDA graph memo
attempt-1 log: (EngineCore pid=76) INFO 09-29 23:30:35 [kv_cache_utils.py:2395] GPU KV cache size: 52,541 tokens, Maximum concurrency for 8,192 tokens per request: 6.41x
attempt-1 log: (APIServer pid=14) INFO:     Application startup complete.
attempt-1 us-east-2 23:31:49 InService
READY attempt-1 us-east-2 (.env AWS_REGION updated)
23:31:51 measuring gemma-4-12b-emb4-l4@us-east-2
measured gemma-4-12b-emb4-l4
23:36:19 deleted gemma-4-12b-emb4-l4
attempt-1 us-east-2 deploy submitted
attempt-1 us-east-2 23:36:23 Creating
attempt-1 log: (EngineCore pid=76) INFO 09-29 23:43:31 [model_runner.py:428] Model loading took 12.65 GiB memory and 99.593060 seconds
attempt-1 log: (EngineCore pid=76) INFO 09-29 23:45:11 [gpu_worker.py:655] CUDA graph memory profiling is enabled (default since v0.21.0). The current --gpu-memory-utilization=0.9000 is equivalent to --gpu-memory-utilization=0.8745 without CUDA graph memo
attempt-1 log: (EngineCore pid=76) INFO 09-29 23:45:11 [kv_cache_utils.py:2395] GPU KV cache size: 20,383 tokens, Maximum concurrency for 8,192 tokens per request: 2.49x
attempt-1 log: (APIServer pid=14) INFO:     Application startup complete.
attempt-1 us-east-2 23:46:26 InService
READY attempt-1 us-east-2 (.env AWS_REGION updated)
23:46:28 measuring gemma-4-12b-fp8-l4@us-east-2
measured gemma-4-12b-fp8-l4
23:53:09 deleted gemma-4-12b-fp8-l4
attempt-1 us-east-2 deploy submitted
attempt-1 us-east-2 23:53:13 Creating
attempt-1 log: (EngineCore pid=82) INFO 09-30 00:00:13 [model_runner.py:428] Model loading took 12.65 GiB memory and 89.079756 seconds
attempt-1 log: (APIServer pid=13) INFO:     Application startup complete.
attempt-1 log: (EngineCore pid=82) INFO 09-30 00:01:46 [gpu_worker.py:655] CUDA graph memory profiling is enabled (default since v0.21.0). The current --gpu-memory-utilization=0.9000 is equivalent to --gpu-memory-utilization=0.8718 without CUDA graph memo
attempt-1 log: (EngineCore pid=82) INFO 09-30 00:01:46 [kv_cache_utils.py:2395] GPU KV cache size: 19,929 tokens, Maximum concurrency for 8,192 tokens per request: 2.43x
attempt-1 us-east-2 00:02:44 InService
READY attempt-1 us-east-2 (.env AWS_REGION updated)
00:02:46 measuring gemma-4-12b-int8-l4@us-east-2
measured gemma-4-12b-int8-l4
00:09:19 deleted gemma-4-12b-int8-l4
attempt-1 us-east-2 deploy submitted
attempt-1 us-east-2 00:09:22 Creating
attempt-1 us-east-2 03:35:58 InService
READY attempt-1 us-east-2 (.env AWS_REGION updated)
03:36:01 measuring gemma-4-26b-emb4-l4@us-east-2
measured gemma-4-26b-emb4-l4
03:39:15 deleted gemma-4-26b-emb4-l4
attempt-1 us-east-2 deploy submitted
attempt-1 us-east-2 03:39:19 Creating
attempt-1 log: (EngineCore pid=112) INFO 09-30 03:46:57 [model_runner.py:428] Model loading took 17.55 GiB memory and 131.752537 seconds
attempt-1 log: (EngineCore pid=112) INFO 09-30 03:48:14 [gpu_worker.py:655] CUDA graph memory profiling is enabled (default since v0.21.0). The current --gpu-memory-utilization=0.9700 is equivalent to --gpu-memory-utilization=0.9674 without CUDA graph mem
attempt-1 log: (EngineCore pid=112) INFO 09-30 03:48:14 [kv_cache_utils.py:2395] GPU KV cache size: 3,241 tokens, Maximum concurrency for 1,024 tokens per request: 3.17x
attempt-1 log: (APIServer pid=14) INFO:     Application startup complete.
attempt-1 us-east-2 03:49:22 InService
READY attempt-1 us-east-2 (.env AWS_REGION updated)
03:49:24 measuring gemma-4-31b-emb4-l4@us-east-2
measured gemma-4-31b-emb4-l4
03:58:47 deleted gemma-4-31b-emb4-l4
                            gemma-4-e2b-text  gemma-4-e2b-ple4-l4  ratio
weights_gib                           6.33                3.19  0.5
kv_cache_tokens                     650783             1180383  1.81
load_seconds                      46.17332           21.461022  
decode_tokens_per_second             103.0               104.1  1.01
load_c1_tokens_per_second            75.65               83.65  1.11
load_c4_tokens_per_second           277.05               314.8  1.14
load_c16_tokens_per_second           927.0             1088.35  1.17
quality_correct                         36                  36  
identical answers: 40/40
                            gemma-4-e2b-emb4-l4  gemma-4-e2b-ple4-l4  ratio
weights_gib                           2.86                3.19  1.12
kv_cache_tokens                    1209977             1180383  0.98
load_seconds                     20.157062           21.461022  
decode_tokens_per_second             141.7               104.1  0.73
load_c1_tokens_per_second           107.55               83.65  0.78
load_c4_tokens_per_second            386.6               314.8  0.81
load_c16_tokens_per_second         1259.15             1088.35  0.86
quality_correct                         36                  36  
identical answers: 40/40
                            gemma-4-e2b-fp8-l4  gemma-4-e2b-fp8emb4-l4  ratio
weights_gib                           7.07                 3.6  0.51
kv_cache_tokens                     589433             1144044  1.94
load_seconds                     52.741454           25.706304  
decode_tokens_per_second              73.0                89.7  1.23
load_c1_tokens_per_second             61.5               72.45  1.18
load_c4_tokens_per_second           234.65               283.7  1.21
load_c16_tokens_per_second          810.95              939.45  1.16
quality_correct                         35                  36  
identical answers: 38/40
                            gemma-4-e4b-text-l4  gemma-4-e4b-emb4-l4  ratio
weights_gib                           8.84                4.52  0.51
kv_cache_tokens                     119416              376156  3.15
load_seconds                     74.526104           31.357483  
decode_tokens_per_second              62.1                79.9  1.29
load_c1_tokens_per_second             53.3               67.85  1.27
load_c4_tokens_per_second           165.25              259.45  1.57
load_c16_tokens_per_second           447.7              848.95  1.9
quality_correct                         36                  36  
identical answers: 40/40
                            gemma-4-e4b-text-l4  gemma-4-e4b-fp8-l4  ratio
weights_gib                           8.84               10.46  1.18
kv_cache_tokens                     119416               77376  0.65
load_seconds                     74.526104           74.323138  
decode_tokens_per_second              62.1                39.4  0.63
load_c1_tokens_per_second             53.3                35.5  0.67
load_c4_tokens_per_second           165.25               140.6  0.85
load_c16_tokens_per_second           447.7               508.2  1.14
quality_correct                         36                  36  
identical answers: 39/40
                            gemma-4-e4b-text-l4  gemma-4-e4b-int8-l4  ratio
weights_gib                           8.84               10.46  1.18
kv_cache_tokens                     119416               74463  0.62
load_seconds                     74.526104           77.197235  
decode_tokens_per_second              62.1                40.1  0.65
load_c1_tokens_per_second             53.3                36.9  0.69
load_c4_tokens_per_second           165.25               143.3  0.87
load_c16_tokens_per_second           447.7              517.55  1.16
quality_correct                         36                  38  
identical answers: 37/40
                            gemma-4-12b-text-l4  gemma-4-12b-emb4-l4  ratio
weights_gib                           8.18                7.36  0.9
kv_cache_tokens                      41654               52541  1.26
load_seconds                     65.648686           56.412771  
decode_tokens_per_second              29.0                35.0  1.21
load_c1_tokens_per_second             27.2                32.9  1.21
load_c4_tokens_per_second            105.3              124.75  1.18
load_c16_tokens_per_second           358.5               411.8  1.15
quality_correct                         40                  40  
identical answers: 40/40
                            gemma-4-12b-text-l4  gemma-4-12b-fp8-l4  ratio
weights_gib                           8.18               12.65  1.55
kv_cache_tokens                      41654               20383  0.49
load_seconds                     65.648686            99.59306  
decode_tokens_per_second              29.0                16.8  0.58
load_c1_tokens_per_second             27.2               16.15  0.59
load_c4_tokens_per_second            105.3                63.0  0.6
load_c16_tokens_per_second           358.5              229.65  0.64
quality_correct                         40                  40  
identical answers: 40/40
                            gemma-4-12b-text-l4  gemma-4-12b-int8-l4  ratio
weights_gib                           8.18               12.65  1.55
kv_cache_tokens                      41654               19929  0.48
load_seconds                     65.648686           89.079756  
decode_tokens_per_second              29.0                17.0  0.59
load_c1_tokens_per_second             27.2               16.25  0.6
load_c4_tokens_per_second            105.3               63.65  0.6
load_c16_tokens_per_second           358.5               230.9  0.64
quality_correct                         40                  40  
identical answers: 40/40
                            gemma-4-26b-text-l4  gemma-4-26b-emb4-l4  ratio
weights_gib                           14.8                14.2  0.96
kv_cache_tokens                      19183               30456  1.59
load_seconds                    126.864823          125.172854  
decode_tokens_per_second              65.8                91.5  1.39
load_c1_tokens_per_second            52.15               74.05  1.42
load_c4_tokens_per_second            159.6               214.8  1.35
load_c16_tokens_per_second          441.25               596.6  1.35
quality_correct                         40                  40  
identical answers: 40/40
                            gemma-4-31b-text-l4  gemma-4-31b-emb4-l4  ratio
weights_gib                           18.7               17.55  0.94
kv_cache_tokens                       2555                3241  1.27
load_seconds                      7.551111          131.752537  
decode_tokens_per_second              12.6                14.1  1.12
load_c1_tokens_per_second            12.25               13.75  1.12
load_c4_tokens_per_second             47.0                52.6  1.12
load_c16_tokens_per_second            39.4                50.7  1.29
quality_correct                         40                  40  
identical answers: 40/40
ALL DONE
