2026-09-30T03:59:16Z us-east-2 gemma-4-e2b-ple4-l4: {  "endpoint": "gemma-4-e2b-ple4-l4",  "results": {    "endpoint": "not found",    "endpoint-config": "not found",    "model": "not found"  }}
2026-09-30T03:59:18Z us-east-2 gemma-4-e2b-fp8emb4-l4: {  "endpoint": "gemma-4-e2b-fp8emb4-l4",  "results": {    "endpoint": "not found",    "endpoint-config": "not found",    "model": "not found"  }}
2026-09-30T03:59:20Z us-east-2 gemma-4-e4b-emb4-l4: {  "endpoint": "gemma-4-e4b-emb4-l4",  "results": {    "endpoint": "not found",    "endpoint-config": "not found",    "model": "not found"  }}
2026-09-30T03:59:22Z us-east-2 gemma-4-e4b-fp8-l4: {  "endpoint": "gemma-4-e4b-fp8-l4",  "results": {    "endpoint": "not found",    "endpoint-config": "not found",    "model": "not found"  }}
2026-09-30T03:59:24Z us-east-2 gemma-4-e4b-int8-l4: {  "endpoint": "gemma-4-e4b-int8-l4",  "results": {    "endpoint": "not found",    "endpoint-config": "not found",    "model": "not found"  }}
2026-09-30T03:59:26Z us-east-2 gemma-4-12b-emb4-l4: {  "endpoint": "gemma-4-12b-emb4-l4",  "results": {    "endpoint": "not found",    "endpoint-config": "not found",    "model": "not found"  }}
2026-09-30T03:59:28Z us-east-2 gemma-4-12b-fp8-l4: {  "endpoint": "gemma-4-12b-fp8-l4",  "results": {    "endpoint": "not found",    "endpoint-config": "not found",    "model": "not found"  }}
2026-09-30T03:59:30Z us-east-2 gemma-4-12b-int8-l4: {  "endpoint": "gemma-4-12b-int8-l4",  "results": {    "endpoint": "not found",    "endpoint-config": "not found",    "model": "not found"  }}
2026-09-30T03:59:32Z us-east-2 gemma-4-26b-emb4-l4: {  "endpoint": "gemma-4-26b-emb4-l4",  "results": {    "endpoint": "not found",    "endpoint-config": "not found",    "model": "not found"  }}
2026-09-30T03:59:34Z us-east-2 gemma-4-31b-emb4-l4: {  "endpoint": "gemma-4-31b-emb4-l4",  "results": {    "endpoint": "not found",    "endpoint-config": "not found",    "model": "not found"  }}
2026-09-30T03:59:36Z us-west-2 gemma-4-e2b-ple4-l4: {  "endpoint": "gemma-4-e2b-ple4-l4",  "results": {    "endpoint": "not found",    "endpoint-config": "not found",    "model": "not found"  }}
2026-09-30T03:59:39Z us-west-2 gemma-4-e2b-fp8emb4-l4: {  "endpoint": "gemma-4-e2b-fp8emb4-l4",  "results": {    "endpoint": "not found",    "endpoint-config": "not found",    "model": "not found"  }}
2026-09-30T03:59:42Z us-west-2 gemma-4-e4b-emb4-l4: {  "endpoint": "gemma-4-e4b-emb4-l4",  "results": {    "endpoint": "not found",    "endpoint-config": "not found",    "model": "not found"  }}
2026-09-30T03:59:45Z us-west-2 gemma-4-e4b-fp8-l4: {  "endpoint": "gemma-4-e4b-fp8-l4",  "results": {    "endpoint": "not found",    "endpoint-config": "not found",    "model": "not found"  }}
2026-09-30T03:59:47Z us-west-2 gemma-4-e4b-int8-l4: {  "endpoint": "gemma-4-e4b-int8-l4",  "results": {    "endpoint": "not found",    "endpoint-config": "not found",    "model": "not found"  }}
2026-09-30T03:59:50Z us-west-2 gemma-4-12b-emb4-l4: {  "endpoint": "gemma-4-12b-emb4-l4",  "results": {    "endpoint": "not found",    "endpoint-config": "not found",    "model": "not found"  }}
2026-09-30T03:59:52Z us-west-2 gemma-4-12b-fp8-l4: {  "endpoint": "gemma-4-12b-fp8-l4",  "results": {    "endpoint": "not found",    "endpoint-config": "not found",    "model": "not found"  }}
2026-09-30T03:59:55Z us-west-2 gemma-4-12b-int8-l4: {  "endpoint": "gemma-4-12b-int8-l4",  "results": {    "endpoint": "not found",    "endpoint-config": "not found",    "model": "not found"  }}
2026-09-30T03:59:57Z us-west-2 gemma-4-26b-emb4-l4: {  "endpoint": "gemma-4-26b-emb4-l4",  "results": {    "endpoint": "not found",    "endpoint-config": "not found",    "model": "not found"  }}
2026-09-30T04:00:00Z us-west-2 gemma-4-31b-emb4-l4: {  "endpoint": "gemma-4-31b-emb4-l4",  "results": {    "endpoint": "not found",    "endpoint-config": "not found",    "model": "not found"  }}
2026-09-30T04:00:03Z us-east-1 gemma-4-e2b-ple4-l4: {  "endpoint": "gemma-4-e2b-ple4-l4",  "results": {    "endpoint": "not found",    "endpoint-config": "not found",    "model": "not found"  }}
2026-09-30T04:00:05Z us-east-1 gemma-4-e2b-fp8emb4-l4: {  "endpoint": "gemma-4-e2b-fp8emb4-l4",  "results": {    "endpoint": "not found",    "endpoint-config": "not found",    "model": "not found"  }}
2026-09-30T04:00:07Z us-east-1 gemma-4-e4b-emb4-l4: {  "endpoint": "gemma-4-e4b-emb4-l4",  "results": {    "endpoint": "not found",    "endpoint-config": "not found",    "model": "not found"  }}
2026-09-30T04:00:09Z us-east-1 gemma-4-e4b-fp8-l4: {  "endpoint": "gemma-4-e4b-fp8-l4",  "results": {    "endpoint": "not found",    "endpoint-config": "not found",    "model": "not found"  }}
2026-09-30T04:00:11Z us-east-1 gemma-4-e4b-int8-l4: {  "endpoint": "gemma-4-e4b-int8-l4",  "results": {    "endpoint": "not found",    "endpoint-config": "not found",    "model": "not found"  }}
2026-09-30T04:00:13Z us-east-1 gemma-4-12b-emb4-l4: {  "endpoint": "gemma-4-12b-emb4-l4",  "results": {    "endpoint": "not found",    "endpoint-config": "not found",    "model": "not found"  }}
2026-09-30T04:00:15Z us-east-1 gemma-4-12b-fp8-l4: {  "endpoint": "gemma-4-12b-fp8-l4",  "results": {    "endpoint": "not found",    "endpoint-config": "not found",    "model": "not found"  }}
2026-09-30T04:00:17Z us-east-1 gemma-4-12b-int8-l4: {  "endpoint": "gemma-4-12b-int8-l4",  "results": {    "endpoint": "not found",    "endpoint-config": "not found",    "model": "not found"  }}
2026-09-30T04:00:19Z us-east-1 gemma-4-26b-emb4-l4: {  "endpoint": "gemma-4-26b-emb4-l4",  "results": {    "endpoint": "not found",    "endpoint-config": "not found",    "model": "not found"  }}
2026-09-30T04:00:21Z us-east-1 gemma-4-31b-emb4-l4: {  "endpoint": "gemma-4-31b-emb4-l4",  "results": {    "endpoint": "not found",    "endpoint-config": "not found",    "model": "not found"  }}
2026-09-30T04:00:23Z watchdog done
