decode gemma-4-e2b-qat n=16 rep=0: 2.007s
decode gemma-4-e2b-qat n=512 rep=0: 5.392s
decode gemma-4-e2b-qat n=16 rep=1: 0.724s
decode gemma-4-e2b-qat n=512 rep=1: 5.526s
decode gemma-4-e2b-qat n=16 rep=2: 0.687s
decode gemma-4-e2b-qat n=512 rep=2: 5.442s
decode gemma-4-e2b-qat n=16 rep=3: 0.687s
decode gemma-4-e2b-qat n=512 rep=3: 5.428s
decode gemma-4-e2b-qat n=16 rep=4: 0.714s
decode gemma-4-e2b-qat n=512 rep=4: 5.433s
load gemma-4-e2b-qat c=1 rep=0: 256 tok in 3.02s
load gemma-4-e2b-qat c=1 rep=1: 256 tok in 2.98s
load gemma-4-e2b-qat c=4 rep=0: 1024 tok in 3.12s
load gemma-4-e2b-qat c=4 rep=1: 1024 tok in 3.11s
load gemma-4-e2b-qat c=16 rep=0: 4096 tok in 3.89s
load gemma-4-e2b-qat c=16 rep=1: 4096 tok in 3.71s
quality mul-0
quality mul-1
quality mul-2
quality mul-3
quality mul-4
quality mul-5
quality mul-6
quality mul-7
quality mul-8
quality mul-9
quality mul-10
quality mul-11
quality mul-12
quality mul-13
quality mul-14
quality add-0
quality add-1
quality add-2
quality add-3
quality add-4
quality add-5
quality add-6
quality add-7
quality add-8
quality add-9
quality add-10
quality add-11
quality add-12
quality add-13
quality add-14
quality cap-Australia
quality cap-Canada
quality cap-Brazil
quality cap-Turkey
quality cap-Nigeria
quality cap-Switzerland
quality cap-Pakistan
quality cap-New Zealand
quality cap-Morocco
quality cap-Vietnam
wrote docs/runs/2026-09-25-qat-vs-bf16/measure-gemma-4-e2b-qat.json
{
  "load_facts": {
    "vllm_version": "0.30.0",
    "weights_gib": "8.01",
    "load_seconds": "66.190265",
    "kv_cache_tokens": "867,999",
    "max_concurrency_at_max_len": "105.96",
    "quantization": "compressed"
  },
  "decode_tokens_per_second": 105.1,
  "per_call_fixed_cost_seconds": 0.562,
  "load_tokens_per_second": {
    "1": 85.35,
    "4": 328.7,
    "16": 1077.25
  },
  "server_peak": {
    "lines": 10,
    "peak_tokens_per_second": 409.6
  },
  "quality": "37/40"
}
