decode gemma-4-26b-text-l4 n=16 rep=0: 2.154s
decode gemma-4-26b-text-l4 n=512 rep=0: 8.44s
decode gemma-4-26b-text-l4 n=16 rep=1: 0.863s
decode gemma-4-26b-text-l4 n=512 rep=1: 8.682s
decode gemma-4-26b-text-l4 n=16 rep=2: 1.147s
decode gemma-4-26b-text-l4 n=512 rep=2: 8.703s
decode gemma-4-26b-text-l4 n=16 rep=3: 1.02s
decode gemma-4-26b-text-l4 n=512 rep=3: 8.977s
decode gemma-4-26b-text-l4 n=16 rep=4: 1.17s
decode gemma-4-26b-text-l4 n=512 rep=4: 8.668s
load gemma-4-26b-text-l4 c=1 rep=0: 256 tok in 4.75s
load gemma-4-26b-text-l4 c=1 rep=1: 256 tok in 5.08s
load gemma-4-26b-text-l4 c=4 rep=0: 1024 tok in 6.34s
load gemma-4-26b-text-l4 c=4 rep=1: 1024 tok in 6.50s
load gemma-4-26b-text-l4 c=16 rep=0: 4096 tok in 9.41s
load gemma-4-26b-text-l4 c=16 rep=1: 4096 tok in 9.16s
quality mul-0
quality mul-1
quality mul-2
quality mul-3
quality mul-4
quality mul-5
quality mul-6
quality mul-7
quality mul-8
quality mul-9
quality mul-10
quality mul-11
quality mul-12
quality mul-13
quality mul-14
quality add-0
quality add-1
quality add-2
quality add-3
quality add-4
quality add-5
quality add-6
quality add-7
quality add-8
quality add-9
quality add-10
quality add-11
quality add-12
quality add-13
quality add-14
quality cap-Australia
quality cap-Canada
quality cap-Brazil
quality cap-Turkey
quality cap-Nigeria
quality cap-Switzerland
quality cap-Pakistan
quality cap-New Zealand
quality cap-Morocco
quality cap-Vietnam
wrote docs/runs/2026-09-29-l4-text-sweep/measure-gemma-4-26b-text-l4.json
{
  "load_facts": {
    "vllm_version": "0.30.0",
    "weights_gib": "14.8",
    "load_seconds": "126.864823",
    "kv_cache_tokens": "19,183",
    "max_concurrency_at_max_len": "2.34",
    "quantization": "compressed-tensors"
  },
  "decode_tokens_per_second": 65.8,
  "per_call_fixed_cost_seconds": 0.904,
  "load_tokens_per_second": {
    "1": 52.15,
    "4": 159.6,
    "16": 441.25
  },
  "server_peak": {
    "lines": 13,
    "peak_tokens_per_second": 407.4
  },
  "quality": "40/40"
}
