decode gemma-4-e4b-text-l4 n=16 rep=0: 2.139s
decode gemma-4-e4b-text-l4 n=512 rep=0: 8.943s
decode gemma-4-e4b-text-l4 n=16 rep=1: 1.02s
decode gemma-4-e4b-text-l4 n=512 rep=1: 9.023s
decode gemma-4-e4b-text-l4 n=16 rep=2: 0.804s
decode gemma-4-e4b-text-l4 n=512 rep=2: 8.956s
decode gemma-4-e4b-text-l4 n=16 rep=3: 0.971s
decode gemma-4-e4b-text-l4 n=512 rep=3: 8.978s
decode gemma-4-e4b-text-l4 n=16 rep=4: 0.806s
decode gemma-4-e4b-text-l4 n=512 rep=4: 8.959s
load gemma-4-e4b-text-l4 c=1 rep=0: 256 tok in 4.84s
load gemma-4-e4b-text-l4 c=1 rep=1: 256 tok in 4.77s
load gemma-4-e4b-text-l4 c=4 rep=0: 1024 tok in 7.25s
load gemma-4-e4b-text-l4 c=4 rep=1: 1024 tok in 5.41s
load gemma-4-e4b-text-l4 c=16 rep=0: 4096 tok in 7.67s
load gemma-4-e4b-text-l4 c=16 rep=1: 4096 tok in 11.34s
quality mul-0
quality mul-1
quality mul-2
quality mul-3
quality mul-4
quality mul-5
quality mul-6
quality mul-7
quality mul-8
quality mul-9
quality mul-10
quality mul-11
quality mul-12
quality mul-13
quality mul-14
quality add-0
quality add-1
quality add-2
quality add-3
quality add-4
quality add-5
quality add-6
quality add-7
quality add-8
quality add-9
quality add-10
quality add-11
quality add-12
quality add-13
quality add-14
quality cap-Australia
quality cap-Canada
quality cap-Brazil
quality cap-Turkey
quality cap-Nigeria
quality cap-Switzerland
quality cap-Pakistan
quality cap-New Zealand
quality cap-Morocco
quality cap-Vietnam
wrote docs/runs/2026-09-29-l4-text-sweep/measure-gemma-4-e4b-text-l4.json
{
  "load_facts": {
    "vllm_version": "0.30.0",
    "weights_gib": "8.84",
    "load_seconds": "74.526104",
    "kv_cache_tokens": "119,416",
    "max_concurrency_at_max_len": "14.58",
    "quantization": "compressed-tensors"
  },
  "decode_tokens_per_second": 62.1,
  "per_call_fixed_cost_seconds": 0.713,
  "load_tokens_per_second": {
    "1": 53.3,
    "4": 165.25,
    "16": 447.7
  },
  "server_peak": {
    "lines": 13,
    "peak_tokens_per_second": 286.9
  },
  "quality": "36/40"
}
