decode gemma-4-31b-text-l4 n=16 rep=0: 3.089s
decode gemma-4-31b-text-l4 n=512 rep=0: 41.117s
decode gemma-4-31b-text-l4 n=16 rep=1: 1.863s
decode gemma-4-31b-text-l4 n=512 rep=1: 41.283s
decode gemma-4-31b-text-l4 n=16 rep=2: 1.936s
decode gemma-4-31b-text-l4 n=512 rep=2: 41.201s
decode gemma-4-31b-text-l4 n=16 rep=3: 1.797s
decode gemma-4-31b-text-l4 n=512 rep=3: 41.269s
decode gemma-4-31b-text-l4 n=16 rep=4: 1.864s
decode gemma-4-31b-text-l4 n=512 rep=4: 41.323s
load gemma-4-31b-text-l4 c=1 rep=0: 256 tok in 20.86s
load gemma-4-31b-text-l4 c=1 rep=1: 256 tok in 20.94s
load gemma-4-31b-text-l4 c=4 rep=0: 1024 tok in 21.85s
load gemma-4-31b-text-l4 c=4 rep=1: 1024 tok in 21.74s
load gemma-4-31b-text-l4 c=16 rep=0: 4096 tok in 103.86s
load gemma-4-31b-text-l4 c=16 rep=1: 4096 tok in 103.98s
quality mul-0
quality mul-1
quality mul-2
quality mul-3
quality mul-4
quality mul-5
quality mul-6
quality mul-7
quality mul-8
quality mul-9
quality mul-10
quality mul-11
quality mul-12
quality mul-13
quality mul-14
quality add-0
quality add-1
quality add-2
quality add-3
quality add-4
quality add-5
quality add-6
quality add-7
quality add-8
quality add-9
quality add-10
quality add-11
quality add-12
quality add-13
quality add-14
quality cap-Australia
quality cap-Canada
quality cap-Brazil
quality cap-Turkey
quality cap-Nigeria
quality cap-Switzerland
quality cap-Pakistan
quality cap-New Zealand
quality cap-Morocco
quality cap-Vietnam
wrote docs/runs/2026-09-29-l4-text-sweep/measure-gemma-4-31b-text-l4.json
{
  "load_facts": {
    "vllm_version": "0.30.0",
    "weights_gib": "18.7",
    "load_seconds": "7.551111",
    "kv_cache_tokens": "2,555",
    "max_concurrency_at_max_len": "2.50",
    "quantization": "compressed-tensors"
  },
  "decode_tokens_per_second": 12.6,
  "per_call_fixed_cost_seconds": 0.593,
  "load_tokens_per_second": {
    "1": 12.25,
    "4": 47.0,
    "16": 39.4
  },
  "server_peak": {
    "lines": 37,
    "peak_tokens_per_second": 49.6
  },
  "quality": "40/40"
}
