decode gemma-4-e2b-repack n=16 rep=0: 2.263s
decode gemma-4-e2b-repack n=512 rep=0: 5.456s
decode gemma-4-e2b-repack n=16 rep=1: 0.827s
decode gemma-4-e2b-repack n=512 rep=1: 5.718s
decode gemma-4-e2b-repack n=16 rep=2: 1.482s
decode gemma-4-e2b-repack n=512 rep=2: 5.467s
decode gemma-4-e2b-repack n=16 rep=3: 0.819s
decode gemma-4-e2b-repack n=512 rep=3: 5.445s
decode gemma-4-e2b-repack n=16 rep=4: 0.694s
decode gemma-4-e2b-repack n=512 rep=4: 5.434s
load gemma-4-e2b-repack c=1 rep=0: 256 tok in 3.01s
load gemma-4-e2b-repack c=1 rep=1: 256 tok in 3.21s
load gemma-4-e2b-repack c=4 rep=0: 1024 tok in 3.15s
load gemma-4-e2b-repack c=4 rep=1: 1024 tok in 3.21s
load gemma-4-e2b-repack c=16 rep=0: 4096 tok in 3.87s
load gemma-4-e2b-repack c=16 rep=1: 4096 tok in 3.87s
quality mul-0
quality mul-1
quality mul-2
quality mul-3
quality mul-4
quality mul-5
quality mul-6
quality mul-7
quality mul-8
quality mul-9
quality mul-10
quality mul-11
quality mul-12
quality mul-13
quality mul-14
quality add-0
quality add-1
quality add-2
quality add-3
quality add-4
quality add-5
quality add-6
quality add-7
quality add-8
quality add-9
quality add-10
quality add-11
quality add-12
quality add-13
quality add-14
quality cap-Australia
quality cap-Canada
quality cap-Brazil
quality cap-Turkey
quality cap-Nigeria
quality cap-Switzerland
quality cap-Pakistan
quality cap-New Zealand
quality cap-Morocco
quality cap-Vietnam
wrote docs/runs/2026-09-29-e2b-e4b-repack/measure-gemma-4-e2b-repack.json
{
  "load_facts": {
    "vllm_version": "0.30.0",
    "weights_gib": "7.26",
    "load_seconds": "51.958433",
    "kv_cache_tokens": "929,454",
    "max_concurrency_at_max_len": "113.46",
    "quantization": "compressed-tensors"
  },
  "decode_tokens_per_second": 107.2,
  "per_call_fixed_cost_seconds": 0.678,
  "load_tokens_per_second": {
    "1": 82.35,
    "4": 322.0,
    "16": 1059.25
  },
  "server_peak": {
    "lines": 11,
    "peak_tokens_per_second": 409.6
  },
  "quality": "37/40"
}
