decode gemma-4-26b-w4a16 n=16 rep=0: 2.214s
decode gemma-4-26b-w4a16 n=512 rep=0: 3.888s
decode gemma-4-26b-w4a16 n=16 rep=1: 0.853s
decode gemma-4-26b-w4a16 n=512 rep=1: 3.775s
decode gemma-4-26b-w4a16 n=16 rep=2: 0.632s
decode gemma-4-26b-w4a16 n=512 rep=2: 3.918s
decode gemma-4-26b-w4a16 n=16 rep=3: 0.708s
decode gemma-4-26b-w4a16 n=512 rep=3: 3.749s
decode gemma-4-26b-w4a16 n=16 rep=4: 0.763s
decode gemma-4-26b-w4a16 n=512 rep=4: 3.724s
load gemma-4-26b-w4a16 c=1 rep=0: 256 tok in 2.14s
load gemma-4-26b-w4a16 c=1 rep=1: 256 tok in 2.16s
load gemma-4-26b-w4a16 c=4 rep=0: 1024 tok in 2.82s
load gemma-4-26b-w4a16 c=4 rep=1: 1024 tok in 2.60s
load gemma-4-26b-w4a16 c=16 rep=0: 4096 tok in 3.78s
load gemma-4-26b-w4a16 c=16 rep=1: 4096 tok in 3.73s
quality mul-0
quality mul-1
quality mul-2
quality mul-3
quality mul-4
quality mul-5
quality mul-6
quality mul-7
quality mul-8
quality mul-9
quality mul-10
quality mul-11
quality mul-12
quality mul-13
quality mul-14
quality add-0
quality add-1
quality add-2
quality add-3
quality add-4
quality add-5
quality add-6
quality add-7
quality add-8
quality add-9
quality add-10
quality add-11
quality add-12
quality add-13
quality add-14
quality cap-Australia
quality cap-Canada
quality cap-Brazil
quality cap-Turkey
quality cap-Nigeria
quality cap-Switzerland
quality cap-Pakistan
quality cap-New Zealand
quality cap-Morocco
quality cap-Vietnam
wrote docs/runs/2026-09-28-31b-26b-l40s/measure-gemma-4-26b-w4a16.json
{
  "load_facts": {
    "vllm_version": "0.30.0",
    "weights_gib": "15.88",
    "load_seconds": "127.464073",
    "kv_cache_tokens": "141,961",
    "max_concurrency_at_max_len": "17.33",
    "quantization": "compressed-tensors"
  },
  "decode_tokens_per_second": 164.7,
  "per_call_fixed_cost_seconds": 0.666,
  "load_tokens_per_second": {
    "1": 118.85,
    "4": 378.6,
    "16": 1090.45
  },
  "server_peak": {
    "lines": 10,
    "peak_tokens_per_second": 409.6
  },
  "quality": "40/40"
}
