decode gemma-4-31b-nvfp4 n=16 rep=0: 2.722s
decode gemma-4-31b-nvfp4 n=512 rep=0: 23.754s
decode gemma-4-31b-nvfp4 n=16 rep=1: 1.363s
decode gemma-4-31b-nvfp4 n=512 rep=1: 23.597s
decode gemma-4-31b-nvfp4 n=16 rep=2: 1.282s
decode gemma-4-31b-nvfp4 n=512 rep=2: 23.681s
decode gemma-4-31b-nvfp4 n=16 rep=3: 1.501s
decode gemma-4-31b-nvfp4 n=512 rep=3: 23.566s
decode gemma-4-31b-nvfp4 n=16 rep=4: 1.352s
decode gemma-4-31b-nvfp4 n=512 rep=4: 23.703s
load gemma-4-31b-nvfp4 c=1 rep=0: 256 tok in 11.99s
load gemma-4-31b-nvfp4 c=1 rep=1: 256 tok in 12.22s
load gemma-4-31b-nvfp4 c=4 rep=0: 1024 tok in 12.61s
load gemma-4-31b-nvfp4 c=4 rep=1: 1024 tok in 12.52s
load gemma-4-31b-nvfp4 c=16 rep=0: 4096 tok in 13.36s
load gemma-4-31b-nvfp4 c=16 rep=1: 4096 tok in 13.27s
quality mul-0
quality mul-1
quality mul-2
quality mul-3
quality mul-4
quality mul-5
quality mul-6
quality mul-7
quality mul-8
quality mul-9
quality mul-10
quality mul-11
quality mul-12
quality mul-13
quality mul-14
quality add-0
quality add-1
quality add-2
quality add-3
quality add-4
quality add-5
quality add-6
quality add-7
quality add-8
quality add-9
quality add-10
quality add-11
quality add-12
quality add-13
quality add-14
quality cap-Australia
quality cap-Canada
quality cap-Brazil
quality cap-Turkey
quality cap-Nigeria
quality cap-Switzerland
quality cap-Pakistan
quality cap-New Zealand
quality cap-Morocco
quality cap-Vietnam
wrote docs/runs/2026-09-28-31b-26b-l40s/measure-gemma-4-31b-nvfp4.json
{
  "load_facts": {
    "vllm_version": "0.30.0",
    "weights_gib": "31.18",
    "load_seconds": "235.198529",
    "kv_cache_tokens": "21,870",
    "max_concurrency_at_max_len": "2.67",
    "quantization": "modelopt_fp4"
  },
  "decode_tokens_per_second": 22.2,
  "per_call_fixed_cost_seconds": 0.643,
  "load_tokens_per_second": {
    "1": 21.1,
    "4": 81.5,
    "16": 307.65
  },
  "server_peak": {
    "lines": 16,
    "peak_tokens_per_second": 313.2
  },
  "quality": "40/40"
}
