decode gemma-4-e2b-fp8-l4 n=16 rep=0: 2.127s
decode gemma-4-e2b-fp8-l4 n=512 rep=0: 7.607s
decode gemma-4-e2b-fp8-l4 n=16 rep=1: 0.843s
decode gemma-4-e2b-fp8-l4 n=512 rep=1: 7.61s
decode gemma-4-e2b-fp8-l4 n=16 rep=2: 0.823s
decode gemma-4-e2b-fp8-l4 n=512 rep=2: 7.621s
decode gemma-4-e2b-fp8-l4 n=16 rep=3: 0.823s
decode gemma-4-e2b-fp8-l4 n=512 rep=3: 7.627s
decode gemma-4-e2b-fp8-l4 n=16 rep=4: 0.815s
decode gemma-4-e2b-fp8-l4 n=512 rep=4: 7.622s
load gemma-4-e2b-fp8-l4 c=1 rep=0: 256 tok in 4.12s
load gemma-4-e2b-fp8-l4 c=1 rep=1: 256 tok in 4.21s
load gemma-4-e2b-fp8-l4 c=4 rep=0: 1024 tok in 4.31s
load gemma-4-e2b-fp8-l4 c=4 rep=1: 1024 tok in 4.41s
load gemma-4-e2b-fp8-l4 c=16 rep=0: 4096 tok in 5.04s
load gemma-4-e2b-fp8-l4 c=16 rep=1: 4096 tok in 5.06s
quality mul-0
quality mul-1
quality mul-2
quality mul-3
quality mul-4
quality mul-5
quality mul-6
quality mul-7
quality mul-8
quality mul-9
quality mul-10
quality mul-11
quality mul-12
quality mul-13
quality mul-14
quality add-0
quality add-1
quality add-2
quality add-3
quality add-4
quality add-5
quality add-6
quality add-7
quality add-8
quality add-9
quality add-10
quality add-11
quality add-12
quality add-13
quality add-14
quality cap-Australia
quality cap-Canada
quality cap-Brazil
quality cap-Turkey
quality cap-Nigeria
quality cap-Switzerland
quality cap-Pakistan
quality cap-New Zealand
quality cap-Morocco
quality cap-Vietnam
wrote docs/runs/2026-09-29-e2b-8bit/measure-gemma-4-e2b-fp8-l4.json
{
  "load_facts": {
    "vllm_version": "0.30.0",
    "weights_gib": "7.07",
    "load_seconds": "52.741454",
    "kv_cache_tokens": "589,433",
    "max_concurrency_at_max_len": "71.95",
    "quantization": "compressed-tensors"
  },
  "decode_tokens_per_second": 73.0,
  "per_call_fixed_cost_seconds": 0.604,
  "load_tokens_per_second": {
    "1": 61.5,
    "4": 234.65,
    "16": 810.95
  },
  "server_peak": {
    "lines": 11,
    "peak_tokens_per_second": 409.6
  },
  "quality": "35/40"
}
