decode gemma-4-12b-qat n=16 rep=0: 2.023s
decode gemma-4-12b-qat n=512 rep=0: 7.366s
decode gemma-4-12b-qat n=16 rep=1: 0.738s
decode gemma-4-12b-qat n=512 rep=1: 7.132s
decode gemma-4-12b-qat n=16 rep=2: 0.714s
decode gemma-4-12b-qat n=512 rep=2: 7.141s
decode gemma-4-12b-qat n=16 rep=3: 0.74s
decode gemma-4-12b-qat n=512 rep=3: 7.225s
decode gemma-4-12b-qat n=16 rep=4: 0.752s
decode gemma-4-12b-qat n=512 rep=4: 7.179s
load gemma-4-12b-qat c=1 rep=0: 256 tok in 3.83s
load gemma-4-12b-qat c=1 rep=1: 256 tok in 3.91s
load gemma-4-12b-qat c=4 rep=0: 1024 tok in 4.06s
load gemma-4-12b-qat c=4 rep=1: 1024 tok in 4.02s
load gemma-4-12b-qat c=16 rep=0: 4096 tok in 4.78s
load gemma-4-12b-qat c=16 rep=1: 4096 tok in 4.82s
quality mul-0
quality mul-1
quality mul-2
quality mul-3
quality mul-4
quality mul-5
quality mul-6
quality mul-7
quality mul-8
quality mul-9
quality mul-10
quality mul-11
quality mul-12
quality mul-13
quality mul-14
quality add-0
quality add-1
quality add-2
quality add-3
quality add-4
quality add-5
quality add-6
quality add-7
quality add-8
quality add-9
quality add-10
quality add-11
quality add-12
quality add-13
quality add-14
quality cap-Australia
quality cap-Canada
quality cap-Brazil
quality cap-Turkey
quality cap-Nigeria
quality cap-Switzerland
quality cap-Pakistan
quality cap-New Zealand
quality cap-Morocco
quality cap-Vietnam
wrote docs/runs/2026-09-28-12b-qat-vs-bf16/measure-gemma-4-12b-qat.json
{
  "load_facts": {
    "vllm_version": "0.30.0",
    "weights_gib": "8.28",
    "load_seconds": "65.361075",
    "kv_cache_tokens": "126,058",
    "max_concurrency_at_max_len": "15.39",
    "quantization": "compressed-tensors"
  },
  "decode_tokens_per_second": 77.0,
  "per_call_fixed_cost_seconds": 0.532,
  "load_tokens_per_second": {
    "1": 66.2,
    "4": 253.55,
    "16": 853.4
  },
  "server_peak": {
    "lines": 11,
    "peak_tokens_per_second": 409.6
  },
  "quality": "39/40"
}
