decode gemma-4-e2b-emb4-t4-pr n=16 rep=0: 4.555s
decode gemma-4-e2b-emb4-t4-pr n=512 rep=0: 5.356s
decode gemma-4-e2b-emb4-t4-pr n=16 rep=1: 0.7s
decode gemma-4-e2b-emb4-t4-pr n=512 rep=1: 5.147s
decode gemma-4-e2b-emb4-t4-pr n=16 rep=2: 0.664s
decode gemma-4-e2b-emb4-t4-pr n=512 rep=2: 5.393s
decode gemma-4-e2b-emb4-t4-pr n=16 rep=3: 0.861s
decode gemma-4-e2b-emb4-t4-pr n=512 rep=3: 5.196s
decode gemma-4-e2b-emb4-t4-pr n=16 rep=4: 0.72s
decode gemma-4-e2b-emb4-t4-pr n=512 rep=4: 5.156s
load gemma-4-e2b-emb4-t4-pr c=1 rep=0: 256 tok in 2.81s
load gemma-4-e2b-emb4-t4-pr c=1 rep=1: 256 tok in 2.95s
load gemma-4-e2b-emb4-t4-pr c=4 rep=0: 1024 tok in 3.21s
load gemma-4-e2b-emb4-t4-pr c=4 rep=1: 1024 tok in 3.20s
load gemma-4-e2b-emb4-t4-pr c=16 rep=0: 4096 tok in 5.30s
load gemma-4-e2b-emb4-t4-pr c=16 rep=1: 4096 tok in 5.12s
quality mul-0
quality mul-1
quality mul-2
quality mul-3
quality mul-4
quality mul-5
quality mul-6
quality mul-7
quality mul-8
quality mul-9
quality mul-10
quality mul-11
quality mul-12
quality mul-13
quality mul-14
quality add-0
quality add-1
quality add-2
quality add-3
quality add-4
quality add-5
quality add-6
quality add-7
quality add-8
quality add-9
quality add-10
quality add-11
quality add-12
quality add-13
quality add-14
quality cap-Australia
quality cap-Canada
quality cap-Brazil
quality cap-Turkey
quality cap-Nigeria
quality cap-Switzerland
quality cap-Pakistan
quality cap-New Zealand
quality cap-Morocco
quality cap-Vietnam
wrote docs/runs/2026-09-30-t4-pr39018/measure-gemma-4-e2b-emb4-t4-pr.json
{
  "load_facts": {
    "vllm_version": "0.30.0",
    "weights_gib": "2.86",
    "load_seconds": "27.835307",
    "kv_cache_tokens": "660,033",
    "max_concurrency_at_max_len": "80.57",
    "quantization": "compressed-tensors"
  },
  "decode_tokens_per_second": 110.8,
  "per_call_fixed_cost_seconds": 0.576,
  "load_tokens_per_second": {
    "1": 89.0,
    "4": 319.1,
    "16": 786.1
  },
  "server_peak": {
    "lines": 11,
    "peak_tokens_per_second": 401.0
  },
  "quality": "36/40"
}
