decode gemma-4-e2b-text n=16 rep=0: 2.675s
decode gemma-4-e2b-text n=512 rep=0: 5.884s
decode gemma-4-e2b-text n=16 rep=1: 1.012s
decode gemma-4-e2b-text n=512 rep=1: 5.837s
decode gemma-4-e2b-text n=16 rep=2: 1.131s
decode gemma-4-e2b-text n=512 rep=2: 6.036s
decode gemma-4-e2b-text n=16 rep=3: 1.046s
decode gemma-4-e2b-text n=512 rep=3: 5.752s
decode gemma-4-e2b-text n=16 rep=4: 1.067s
decode gemma-4-e2b-text n=512 rep=4: 5.98s
load gemma-4-e2b-text c=1 rep=0: 256 tok in 3.40s
load gemma-4-e2b-text c=1 rep=1: 256 tok in 3.37s
load gemma-4-e2b-text c=4 rep=0: 1024 tok in 3.75s
load gemma-4-e2b-text c=4 rep=1: 1024 tok in 3.65s
load gemma-4-e2b-text c=16 rep=0: 4096 tok in 4.41s
load gemma-4-e2b-text c=16 rep=1: 4096 tok in 4.43s
quality mul-0
quality mul-1
quality mul-2
quality mul-3
quality mul-4
quality mul-5
quality mul-6
quality mul-7
quality mul-8
quality mul-9
quality mul-10
quality mul-11
quality mul-12
quality mul-13
quality mul-14
quality add-0
quality add-1
quality add-2
quality add-3
quality add-4
quality add-5
quality add-6
quality add-7
quality add-8
quality add-9
quality add-10
quality add-11
quality add-12
quality add-13
quality add-14
quality cap-Australia
quality cap-Canada
quality cap-Brazil
quality cap-Turkey
quality cap-Nigeria
quality cap-Switzerland
quality cap-Pakistan
quality cap-New Zealand
quality cap-Morocco
quality cap-Vietnam
wrote docs/runs/2026-09-29-e2b-text/measure-gemma-4-e2b-text.json
{
  "load_facts": {
    "vllm_version": "0.30.0",
    "weights_gib": "6.33",
    "load_seconds": "46.173320",
    "kv_cache_tokens": "650,783",
    "max_concurrency_at_max_len": "79.44",
    "quantization": "compressed-tensors"
  },
  "decode_tokens_per_second": 103.0,
  "per_call_fixed_cost_seconds": 0.912,
  "load_tokens_per_second": {
    "1": 75.65,
    "4": 277.05,
    "16": 927.0
  },
  "server_peak": {
    "lines": 11,
    "peak_tokens_per_second": 409.6
  },
  "quality": "36/40"
}
