attempt-1 us-east-2 deploy submitted
attempt-1 us-east-2 18:42:39 Creating
attempt-1 log: (EngineCore pid=84) INFO 09-29 18:51:10 [model_runner.py:428] Model loading took 6.33 GiB memory and 46.173320 seconds
attempt-1 log: (APIServer pid=14) INFO:     Application startup complete.
attempt-1 us-east-2 18:53:57 InService
READY attempt-1 us-east-2 (.env AWS_REGION updated)
18:54:01 measuring gemma-4-e2b-text@us-east-2
measured gemma-4-e2b-text
18:57:16 deleted gemma-4-e2b-text
                            gemma-4-e2b-repack    gemma-4-e2b-text  ratio
weights_gib                           7.26                6.33  0.87
kv_cache_tokens                     929454              650783  0.7
load_seconds                     51.958433            46.17332  
decode_tokens_per_second             107.2               103.0  0.96
load_c1_tokens_per_second            82.35               75.65  0.92
load_c4_tokens_per_second            322.0              277.05  0.86
load_c16_tokens_per_second         1059.25               927.0  0.88
quality_correct                         37                  36  
identical answers: 39/40
                            gemma-4-e2b-qat    gemma-4-e2b-text  ratio
weights_gib                           8.01                6.33  0.79
kv_cache_tokens                     867999              650783  0.75
load_seconds                     66.190265            46.17332  
decode_tokens_per_second             105.1               103.0  0.98
load_c1_tokens_per_second            85.35               75.65  0.89
load_c4_tokens_per_second            328.7              277.05  0.84
load_c16_tokens_per_second         1077.25               927.0  0.86
quality_correct                         37                  36  
identical answers: 38/40
ALL DONE
