decode gemma-4-e4b-emb4-t4 n=16 rep=0: 4.929s
decode gemma-4-e4b-emb4-t4 n=512 rep=0: 8.434s
decode gemma-4-e4b-emb4-t4 n=16 rep=1: 0.869s
decode gemma-4-e4b-emb4-t4 n=512 rep=1: 8.449s
decode gemma-4-e4b-emb4-t4 n=16 rep=2: 0.867s
decode gemma-4-e4b-emb4-t4 n=512 rep=2: 8.371s
decode gemma-4-e4b-emb4-t4 n=16 rep=3: 1.039s
decode gemma-4-e4b-emb4-t4 n=512 rep=3: 8.406s
decode gemma-4-e4b-emb4-t4 n=16 rep=4: 0.758s
decode gemma-4-e4b-emb4-t4 n=512 rep=4: 8.555s
load gemma-4-e4b-emb4-t4 c=1 rep=0: 256 tok in 4.46s
load gemma-4-e4b-emb4-t4 c=1 rep=1: 256 tok in 4.42s
load gemma-4-e4b-emb4-t4 c=4 rep=0: 1024 tok in 5.12s
load gemma-4-e4b-emb4-t4 c=4 rep=1: 1024 tok in 5.15s
load gemma-4-e4b-emb4-t4 c=16 rep=0: 4096 tok in 8.34s
load gemma-4-e4b-emb4-t4 c=16 rep=1: 4096 tok in 8.44s
quality mul-0
quality mul-1
quality mul-2
quality mul-3
quality mul-4
quality mul-5
quality mul-6
quality mul-7
quality mul-8
quality mul-9
quality mul-10
quality mul-11
quality mul-12
quality mul-13
quality mul-14
quality add-0
quality add-1
quality add-2
quality add-3
quality add-4
quality add-5
quality add-6
quality add-7
quality add-8
quality add-9
quality add-10
quality add-11
quality add-12
quality add-13
quality add-14
quality cap-Australia
quality cap-Canada
quality cap-Brazil
quality cap-Turkey
quality cap-Nigeria
quality cap-Switzerland
quality cap-Pakistan
quality cap-New Zealand
quality cap-Morocco
quality cap-Vietnam
wrote docs/runs/2026-09-30-t4-emb4-sweep/measure-gemma-4-e4b-emb4-t4.json
{
  "load_facts": {
    "vllm_version": "0.30.0",
    "weights_gib": "4.52",
    "load_seconds": "42.013895",
    "kv_cache_tokens": "194,336",
    "max_concurrency_at_max_len": "23.72",
    "quantization": "compressed-tensors"
  },
  "decode_tokens_per_second": 65.6,
  "per_call_fixed_cost_seconds": 0.625,
  "load_tokens_per_second": {
    "1": 57.7,
    "4": 199.35,
    "16": 488.05
  },
  "server_peak": {
    "lines": 12,
    "peak_tokens_per_second": 339.5
  },
  "quality": "36/40"
}
