attempt-1 us-east-2 deploy submitted
attempt-1 us-east-2 20:26:20 Creating
attempt-1 log: (EngineCore pid=66) INFO 09-27 20:34:23 [model_runner.py:428] Model loading took 15.08 GiB memory and 125.628951 seconds
attempt-1 log: (EngineCore pid=66) INFO 09-27 20:36:12 [gpu_worker.py:655] CUDA graph memory profiling is enabled (default since v0.21.0). The current --gpu-memory-utilization=0.9000 is equivalent to --gpu-memory-utilization=0.8749 without CUDA graph memo
attempt-1 log: (EngineCore pid=66) INFO 09-27 20:36:12 [kv_cache_utils.py:2395] GPU KV cache size: 94,853 tokens, Maximum concurrency for 8,192 tokens per request: 11.58x
attempt-1 log: (APIServer pid=14) INFO:     Application startup complete.
attempt-1 us-east-2 20:38:06 InService
READY attempt-1 us-east-2 (.env AWS_REGION updated)
20:38:10 measuring gemma-4-e4b@us-east-2
measured gemma-4-e4b
20:43:50 deleted gemma-4-e4b
attempt-1 us-east-2 deploy submitted
attempt-1 us-east-2 20:43:57 Creating
attempt-1 log: (EngineCore pid=75) INFO 09-27 20:51:30 [model_runner.py:428] Model loading took 11.04 GiB memory and 91.062002 seconds
attempt-1 log: (EngineCore pid=75) INFO 09-27 20:53:21 [gpu_worker.py:655] CUDA graph memory profiling is enabled (default since v0.21.0). The current --gpu-memory-utilization=0.9000 is equivalent to --gpu-memory-utilization=0.8726 without CUDA graph memo
attempt-1 log: (EngineCore pid=75) INFO 09-27 20:53:21 [kv_cache_utils.py:2395] GPU KV cache size: 200,972 tokens, Maximum concurrency for 8,192 tokens per request: 24.53x
attempt-1 log: (APIServer pid=13) INFO:     Application startup complete.
attempt-1 us-east-2 20:54:35 InService
READY attempt-1 us-east-2 (.env AWS_REGION updated)
20:54:38 measuring gemma-4-e4b-qat@us-east-2
measured gemma-4-e4b-qat
20:58:39 deleted gemma-4-e4b-qat
                               gemma-4-e4b     gemma-4-e4b-qat  ratio
weights_gib                          15.08               11.04  0.73
kv_cache_tokens                      94853              200972  2.12
load_seconds                    125.628951           91.062002  
decode_tokens_per_second              26.2                60.7  2.32
load_c1_tokens_per_second            23.15               46.45  2.01
load_c4_tokens_per_second             88.3              179.35  2.03
load_c16_tokens_per_second           323.6               599.5  1.85
quality_correct                         36                  36  
identical answers: 37/40
ALL DONE
