decode gemma-4-e2b-w8a8emb4-l4 n=16 rep=0: 2.094s
decode gemma-4-e2b-w8a8emb4-l4 n=512 rep=0: 6.213s
decode gemma-4-e2b-w8a8emb4-l4 n=16 rep=1: 0.755s
decode gemma-4-e2b-w8a8emb4-l4 n=512 rep=1: 6.104s
decode gemma-4-e2b-w8a8emb4-l4 n=16 rep=2: 0.908s
decode gemma-4-e2b-w8a8emb4-l4 n=512 rep=2: 6.236s
decode gemma-4-e2b-w8a8emb4-l4 n=16 rep=3: 0.795s
decode gemma-4-e2b-w8a8emb4-l4 n=512 rep=3: 6.183s
decode gemma-4-e2b-w8a8emb4-l4 n=16 rep=4: 0.764s
decode gemma-4-e2b-w8a8emb4-l4 n=512 rep=4: 6.163s
load gemma-4-e2b-w8a8emb4-l4 c=1 rep=0: 256 tok in 3.35s
load gemma-4-e2b-w8a8emb4-l4 c=1 rep=1: 256 tok in 3.45s
load gemma-4-e2b-w8a8emb4-l4 c=4 rep=0: 1024 tok in 3.54s
load gemma-4-e2b-w8a8emb4-l4 c=4 rep=1: 1024 tok in 3.56s
load gemma-4-e2b-w8a8emb4-l4 c=16 rep=0: 4096 tok in 4.22s
load gemma-4-e2b-w8a8emb4-l4 c=16 rep=1: 4096 tok in 4.14s
quality mul-0
quality mul-1
quality mul-2
quality mul-3
quality mul-4
quality mul-5
quality mul-6
quality mul-7
quality mul-8
quality mul-9
quality mul-10
quality mul-11
quality mul-12
quality mul-13
quality mul-14
quality add-0
quality add-1
quality add-2
quality add-3
quality add-4
quality add-5
quality add-6
quality add-7
quality add-8
quality add-9
quality add-10
quality add-11
quality add-12
quality add-13
quality add-14
quality cap-Australia
quality cap-Canada
quality cap-Brazil
quality cap-Turkey
quality cap-Nigeria
quality cap-Switzerland
quality cap-Pakistan
quality cap-New Zealand
quality cap-Morocco
quality cap-Vietnam
wrote docs/runs/2026-09-29-e2b-w8a8-emb4/measure-gemma-4-e2b-w8a8emb4-l4.json
{
  "load_facts": {
    "vllm_version": "0.30.0",
    "weights_gib": "3.6",
    "load_seconds": "24.431355",
    "kv_cache_tokens": "1,138,763",
    "max_concurrency_at_max_len": "139.01",
    "quantization": "compressed-tensors"
  },
  "decode_tokens_per_second": 92.1,
  "per_call_fixed_cost_seconds": 0.621,
  "load_tokens_per_second": {
    "1": 75.35,
    "4": 288.8,
    "16": 980.45
  },
  "server_peak": {
    "lines": 10,
    "peak_tokens_per_second": 409.6
  },
  "quality": "34/40"
}
